// Jest Snapshot v1, https://goo.gl/fbAQLP

exports[`ToDoList component when rendered should render initial layout 1`] = `
Array [
  <View
    style={
      Object {
        "flex": 1,
        "paddingTop": 30,
      }
    }
  >
    <withTheme(ActivityIndicator)
      animating={true}
      size="large"
    />
  </View>,
]
`;
